"068d17b0fe521c092561cd0fcf63928fc148b6fb9000fa1558030c1e55590a49"