{
  "VerifySignature": {
    "specific": [],
    "general": [
      "Any"
    ],
    "external": []
  }
}