80097627445437998d5e4b6689ec9b5dcba64cdd5f4580e490f173cefe78609f