[
  {
    "execute": {
      "contract_addr": "cosmwasm10yjnqzs0nxzpesqmzfv006q9fwgu833xme5kuu60tuan72n77j8qvem39j",
      "msg": "eyJyZWdpc3Rlcl9wdWJsaWNfa2V5Ijp7InB1YmxpY19rZXkiOnsiZWNkc2EiOiIwM2M2ZGVlOWEzNmMwNzgzNjMxMDRiMDRhY2U2Mjg0MWQ0NDFkYzA1ODQ4ZjdlMWUzMTY3NGIzYzA0ZTYyMWY5ZGMifSwic2lnbmVkX3NlbmRlcl9hZGRyZXNzIjoiNDlmZWVlNTg5YjRkOTA3YzZiNDFmYTU4OGVmYThmMzdjNTQyNGNiY2NmM2YzZDllM2JjMGUyY2VlMzQxMWQ0NDA2YjRmYTFkYjc5NDcyNWIyZjE3ZDQzZTc1YzliNzA1Y2FlZThmZjM3MjA0NTJkMzcxNjIxNzk2NTgwYzM0YTUifX0=",
      "funds": []
    }
  },
  {
    "execute": {
      "contract_addr": "cosmwasm10yjnqzs0nxzpesqmzfv006q9fwgu833xme5kuu60tuan72n77j8qvem39j",
      "msg": "eyJyZWdpc3Rlcl9wdWJsaWNfa2V5Ijp7InB1YmxpY19rZXkiOnsiZWNkc2EiOiIwMzU0ZjE4MzhlNGRiYzMwZDRjNjEyNjMzYjlkYzU0YzA2ZWFkOTcyM2JiMTY0YWZlZTBiY2M1MTZjYmIxNTY5ODUifSwic2lnbmVkX3NlbmRlcl9hZGRyZXNzIjoiMmFlMTJiYjBmNzRjYWVmYjU4ZWNhOTg3Y2I4ZThiMjJmZWRjMTAwMWMzOTQ5N2FiNWZlZWU2ODUyNjJkYjdjNTVlYjI2Y2VhNTdkNjk4OGFlODc2OGFkY2IyOGZlYzMxMWZlYTVmYTYxYzEwYzUzMWZjZDM1YzUxNGZmYWM0YTUifX0=",
      "funds": []
    }
  },
  {
    "execute": {
      "contract_addr": "cosmwasm10yjnqzs0nxzpesqmzfv006q9fwgu833xme5kuu60tuan72n77j8qvem39j",
      "msg": "eyJyZWdpc3Rlcl9wdWJsaWNfa2V5Ijp7InB1YmxpY19rZXkiOnsiZWNkc2EiOiIwMmQ1MzBmYjFiOGZjZmI5NzhjMzdkOGQ3NGQ0YTc5Y2E4NDBhMDFkZjQ1N2U0OGE4MWJiZTAxYmM5NjI4MjA5MjEifSwic2lnbmVkX3NlbmRlcl9hZGRyZXNzIjoiY2QzNmY4NDg5ODEwZmVhNTlmYWM2NzNjMTczMjMyOTVjMzk1MTY1NmM4ZWU2ZmQ5Yzg1ZTIzZjMxODc3NDhhYjE1M2NlMGZkYTQxYjA0NGI1NjgzZmNlNzdiY2M1YzY0YWU5YTY3NmMwODg2ZGEzOWFlMjUzYTM4ZjYxMGE4MTAifX0=",
      "funds": []
    }
  },
  {
    "execute": {
      "contract_addr": "cosmwasm10yjnqzs0nxzpesqmzfv006q9fwgu833xme5kuu60tuan72n77j8qvem39j",
      "msg": "eyJyZWdpc3Rlcl9wdWJsaWNfa2V5Ijp7InB1YmxpY19rZXkiOnsiZWQyNTUxOSI6IjVlMDUwYjZkMWFlZmZhOGEwZWEyNGRmOThkZDZmMTNmMjNjNjdkMjU1NGFiMmI1N2JiZGNkNGJlOTAyNjFmOGIifSwic2lnbmVkX3NlbmRlcl9hZGRyZXNzIjoiNTliNzE5MWZjZTZmYzZjYzNkZDIxM2UyOTFmOTBlMzAyY2M5ZTdiZDcyMDI5NmI0NTI5ZmRiMzI1MzA4ZjlhOTgyY2E3ZmM5OGZmYzI5MWUwZWQ0NjIwNTExOWJjZWRkNjUwMDkwODlkNTk4YjczOWQ2Nzc2MDA2M2NiOGI4MGYifX0=",
      "funds": []
    }
  },
  {
    "execute": {
      "contract_addr": "cosmwasm10yjnqzs0nxzpesqmzfv006q9fwgu833xme5kuu60tuan72n77j8qvem39j",
      "msg": "eyJyZWdpc3Rlcl9wdWJsaWNfa2V5Ijp7InB1YmxpY19rZXkiOnsiZWQyNTUxOSI6ImFhOTFhYzhjNGUyOTk1MDI1NjAzMDhlMWJjM2UxODBkOTgxNTJjMjUxMGNjNmUyNjg5YzRkNGNkNDBiYWNmYmUifSwic2lnbmVkX3NlbmRlcl9hZGRyZXNzIjoiMDJmZGJjMWFmMzNmMzU2NzQ3MTZkZmZhZGE1ZGU1NTUzZjgwZTNiZTE4NGNlNWNjOTQ0ODAyN2VhNjQ3MzA5NTE0ZWU3OWEyZWY0ZjhmYmM5YTc3NDljZTQwMjQ3MTAwNmQyMjQ2ZmZkMDY1MTJkNzA3NzQ5NTVjZWM0YTU1MGQifX0=",
      "funds": []
    }
  },
  {
    "execute": {
      "contract_addr": "cosmwasm10yjnqzs0nxzpesqmzfv006q9fwgu833xme5kuu60tuan72n77j8qvem39j",
      "msg": "eyJyZWdpc3Rlcl9wdWJsaWNfa2V5Ijp7InB1YmxpY19rZXkiOnsiZWQyNTUxOSI6ImFkZGM4OWY4N2JiYTVhNDI2N2FlMzA4YWRlMGU1NTcxNDg4ODM2MDM4YzU5NTVlODBjZWVlMWY5MmFiNmRjOTAifSwic2lnbmVkX3NlbmRlcl9hZGRyZXNzIjoiZTFmNjlkM2U0NjVhMmMwOWY1MGU1ZTI0NTc5Zjg0MTA4YjY1ZDMzZTg2NzA5YjZmZDE4ZDdiOGY3NDUxOWRmYTlkMzFiY2NkNjgwYmQyZDAyOWQ4ODZhOWNhMWZhNGNjOTI1YWMxZDU1MTFjN2M3MzM3NzkyYTJlY2RiNjQ1MDMifX0=",
      "funds": []
    }
  }
]