{
  "execute": {
    "contract_addr": "cosmwasm10yjnqzs0nxzpesqmzfv006q9fwgu833xme5kuu60tuan72n77j8qvem39j",
    "msg": "ImRpc2FibGVfc2lnbmluZyI=",
    "funds": []
  }
}