failed to query multisig contract for verifier public key. verifier_address: verifier, key_type: Ecdsa