PollStartedEvent {
    poll_id: PollId(
        Uint64(
            100,
        ),
    ),
    source_chain: ChainName(
        "ethereum",
    ),
    source_gateway_address: EQAAGUqtjkIr7fQ_7nRtbZKdNp26slRopp1RNwbqaXi2Os5N,
    confirmation_height: 15,
    expires_at: 100,
    messages: [
        Message {
            message_id: HexTxHash {
                tx_hash: [
                    1,
                    1,
                    1,
                    1,
                    1,
                    1,
                    1,
                    1,
                    1,
                    1,
                    1,
                    1,
                    1,
                    1,
                    1,
                    1,
                    1,
                    1,
                    1,
                    1,
                    1,
                    1,
                    1,
                    1,
                    1,
                    1,
                    1,
                    1,
                    1,
                    1,
                    1,
                    1,
                ],
            },
            destination_address: "0x0202020202020202020202020202020202020202",
            destination_chain: ChainName(
                "ethereum",
            ),
            source_address: EQCxE6mUtQJKFnGfaROTKOt1lZbDiiX1kCixRv7Nw2Id_sDs,
            payload_hash: 0x0404040404040404040404040404040404040404040404040404040404040404,
        },
        Message {
            message_id: HexTxHash {
                tx_hash: [
                    2,
                    2,
                    2,
                    2,
                    2,
                    2,
                    2,
                    2,
                    2,
                    2,
                    2,
                    2,
                    2,
                    2,
                    2,
                    2,
                    2,
                    2,
                    2,
                    2,
                    2,
                    2,
                    2,
                    2,
                    2,
                    2,
                    2,
                    2,
                    2,
                    2,
                    2,
                    2,
                ],
            },
            destination_address: "0x0404040404040404040404040404040404040404",
            destination_chain: ChainName(
                "ethereum",
            ),
            source_address: EQB8O0JJ-hqeDAqDC1OG6zPYBfpV-QzwPed0kpcbILXsmAxG,
            payload_hash: 0x0505050505050505050505050505050505050505050505050505050505050505,
        },
        Message {
            message_id: HexTxHash {
                tx_hash: [
                    3,
                    3,
                    3,
                    3,
                    3,
                    3,
                    3,
                    3,
                    3,
                    3,
                    3,
                    3,
                    3,
                    3,
                    3,
                    3,
                    3,
                    3,
                    3,
                    3,
                    3,
                    3,
                    3,
                    3,
                    3,
                    3,
                    3,
                    3,
                    3,
                    3,
                    3,
                    3,
                ],
            },
            destination_address: "0x0606060606060606060606060606060606060606",
            destination_chain: ChainName(
                "ethereum",
            ),
            source_address: EQCxE6mUtQJKFnGfaROTKOt1lZbDiiX1kCixRv7Nw2Id_sDs,
            payload_hash: 0x0606060606060606060606060606060606060606060606060606060606060606,
        },
    ],
    participants: [
        TMAddress(
            AccountId(
                "axelar1qqqqqqqqqqqqqqqqqqqqqqqqqqqqqqqqqqqqqqqqqqqqqqqqqqqqqqqqqqqqqqqqqqqqqqqqqqqqqqqqqqqqqqqqqqqqqqqqqqqqqqqqqqqqqqqqqqqqqqqqqqqqqqqqqqqqqqqqqqqqqqqqqqqqqqqqqqqqqqqqqqqqqqqqqqqqqqqqqqqqqqqqqqqqqqqqqqqqqqqqqqqqqqqqqqqqqqqqqqqqqqqqqqqqqqqqqqqqqqqqqqqqqqqqqqqqqqqqqqqqqqqqqqqqqqqqqqqqqqqqqqqqqqqqqqqqqqqqqqqqqqqqqqqqqqqqqqqqqqqqqqqqqqqqqqqqqqqqqqqqqqqqqqqqqqqqqqqqqqqqqqqqqqqqqqqqqqqqqqqqqqqqqqqqqqqqqqqqqqqqqqqqqqqq87nk3s",
            ),
        ),
        TMAddress(
            AccountId(
                "axelar1qyqszqgpqyqszqgpqyqszqgpqyqszqgpqyqszqgpqyqszqgpqyqszqgpqyqszqgpqyqszqgpqyqszqgpqyqszqgpqyqszqgpqyqszqgpqyqszqgpqyqszqgpqyqszqgpqyqszqgpqyqszqgpqyqszqgpqyqszqgpqyqszqgpqyqszqgpqyqszqgpqyqszqgpqyqszqgpqyqszqgpqyqszqgpqyqszqgpqyqszqgpqyqszqgpqyqszqgpqyqszqgpqyqszqgpqyqszqgpqyqszqgpqyqszqgpqyqszqgpqyqszqgpqyqszqgpqyqszqgpqyqszqgpqyqszqgpqyqszqgpqyqszqgpqyqszqgpqyqszqgpqyqszqgpqyqszqgpqyqszqgpqyqszqgpqyqszqgpuxy7hs",
            ),
        ),
        TMAddress(
            AccountId(
                "axelar1qgpqyqszqgpqyqszqgpqyqszqgpqyqszqgpqyqszqgpqyqszqgpqyqszqgpqyqszqgpqyqszqgpqyqszqgpqyqszqgpqyqszqgpqyqszqgpqyqszqgpqyqszqgpqyqszqgpqyqszqgpqyqszqgpqyqszqgpqyqszqgpqyqszqgpqyqszqgpqyqszqgpqyqszqgpqyqszqgpqyqszqgpqyqszqgpqyqszqgpqyqszqgpqyqszqgpqyqszqgpqyqszqgpqyqszqgpqyqszqgpqyqszqgpqyqszqgpqyqszqgpqyqszqgpqyqszqgpqyqszqgpqyqszqgpqyqszqgpqyqszqgpqyqszqgpqyqszqgpqyqszqgpqyqszqgpqyqszqgpqyqszqgpqyqszqgpqyqszg9nw3w",
            ),
        ),
        TMAddress(
            AccountId(
                "axelar1qvpsxqcrqvpsxqcrqvpsxqcrqvpsxqcrqvpsxqcrqvpsxqcrqvpsxqcrqvpsxqcrqvpsxqcrqvpsxqcrqvpsxqcrqvpsxqcrqvpsxqcrqvpsxqcrqvpsxqcrqvpsxqcrqvpsxqcrqvpsxqcrqvpsxqcrqvpsxqcrqvpsxqcrqvpsxqcrqvpsxqcrqvpsxqcrqvpsxqcrqvpsxqcrqvpsxqcrqvpsxqcrqvpsxqcrqvpsxqcrqvpsxqcrqvpsxqcrqvpsxqcrqvpsxqcrqvpsxqcrqvpsxqcrqvpsxqcrqvpsxqcrqvpsxqcrqvpsxqcrqvpsxqcrqvpsxqcrqvpsxqcrqvpsxqcrqvpsxqcrqvpsxqcrqvpsxqcrqvpsxqcrqvpsxqcrqvpsxqcrqvpsxqcrnayxhw",
            ),
        ),
        TMAddress(
            AccountId(
                "axelar1qszqgpqyqszqgpqyqszqgpqyqszqgpqyqszqgpqyqszqgpqyqszqgpqyqszqgpqyqszqgpqyqszqgpqyqszqgpqyqszqgpqyqszqgpqyqszqgpqyqszqgpqyqszqgpqyqszqgpqyqszqgpqyqszqgpqyqszqgpqyqszqgpqyqszqgpqyqszqgpqyqszqgpqyqszqgpqyqszqgpqyqszqgpqyqszqgpqyqszqgpqyqszqgpqyqszqgpqyqszqgpqyqszqgpqyqszqgpqyqszqgpqyqszqgpqyqszqgpqyqszqgpqyqszqgpqyqszqgpqyqszqgpqyqszqgpqyqszqgpqyqszqgpqyqszqgpqyqszqgpqyqszqgpqyqszqgpqyqszqgpqyqszqgpqyqszqgpqyz29mj8",
            ),
        ),
    ],
}