{
  "vote": {
    "poll_id": "100",
    "votes": [
      "not_found"
    ]
  }
}