[
  "00000000000000000000000000000000000000000000000000000000000000060000000000000000000000000000000000000000000000000000000000000060000000000000000000000000000000000000000000000000000000000000001200000000000000000000000000000000000000000000000000000000000000144f4495243837681061c4743b74b3eedf548d56a5000000000000000000000000",
  "0000000000000000000000000000000000000000000000000000000000000006000000000000000000000000000000000000000000000000000000000000006000000000000000000000000000000000000000000000000000000000000000060000000000000000000000000000000000000000000000000000000000000014a0b86a33e6441d36c3ad4d96ed9b3e5d6e6bc7a0000000000000000000000000"
]