6b6b1bd36d36537854745d66d8ddb7beae68facc71604cff318d86361619eafc