0d29098e3f5a7ead5c97c0f8e74051e1de9cb601105551f8d4a898187e0f4f0d