{
  "type": "verifier_set_poll_started",
  "attributes": [
    {
      "key": "verifier_set",
      "value": "{\"tx_id\":\"txId\",\"event_index\":1,\"message_id\":\"messageId\",\"verifier_set\":{\"signers\":{\"cosmwasm12qeyytrx2drup9gptvcqg4l6jdthymmz2lpu40rk6evs5cazf2kss8u0ey\":{\"address\":\"cosmwasm12qeyytrx2drup9gptvcqg4l6jdthymmz2lpu40rk6evs5cazf2kss8u0ey\",\"weight\":\"1\",\"pub_key\":{\"ecdsa\":\"02d530fb1b8fcfb978c37d8d74d4a79ca840a01df457e48a81bbe01bc962820921\"}},\"cosmwasm1g6q4zg5fk2uyg2wnxrt63dc6p5w0ycng2tq98k5cgg0w4zngt3wqnynyv3\":{\"address\":\"cosmwasm1g6q4zg5fk2uyg2wnxrt63dc6p5w0ycng2tq98k5cgg0w4zngt3wqnynyv3\",\"weight\":\"1\",\"pub_key\":{\"ecdsa\":\"0354f1838e4dbc30d4c612633b9dc54c06ead9723bb164afee0bcc516cbb156985\"}},\"cosmwasm1jguu9vd3fty0cr949yawye8gj88n0rjvjtpxa7t93umqpn3j96mqr93mgz\":{\"address\":\"cosmwasm1jguu9vd3fty0cr949yawye8gj88n0rjvjtpxa7t93umqpn3j96mqr93mgz\",\"weight\":\"1\",\"pub_key\":{\"ecdsa\":\"03c6dee9a36c078363104b04ace62841d441dc05848f7e1e31674b3c04e621f9dc\"}}},\"threshold\":\"2\",\"created_at\":0}}"
    },
    {
      "key": "poll_id",
      "value": "\"2\""
    },
    {
      "key": "source_chain",
      "value": "\"sourcechain\""
    },
    {
      "key": "source_gateway_address",
      "value": "\"sourceGatewayAddress\""
    },
    {
      "key": "confirmation_height",
      "value": "1"
    },
    {
      "key": "expires_at",
      "value": "1"
    },
    {
      "key": "participants",
      "value": "[\"cosmwasm143l0pxru5cs9gu0x820jy4x6a7zzuchf5p00mqml86n4k7uhw9dqzdgylr\",\"cosmwasm1z5t8zwcz9fevvk34gkepmjahxpqwtzn9vnhwc7dak7z0g2er9wgs6984ds\",\"cosmwasm1sqz9mxwpefryxcj6e4xf2nc7wayzrdy87pyw2tfdmwteff3d09pq7gkytg\"]"
    }
  ]
}