xrpl_0x5af8000a860a378b88cb28ed00f1e1d56f3a326de48bd83e239dee6d5113f598