{
  "messages": [
    {
      "id": 0,
      "msg": {
        "wasm": {
          "execute": {
            "contract_addr": "gateway",
            "msg": "eyJjYWxsX2NvbnRyYWN0Ijp7ImRlc3RpbmF0aW9uX2NoYWluIjoiZGVzdC1pdHMtY2hhaW4iLCJkZXN0aW5hdGlvbl9hZGRyZXNzIjoiZGVzdC1pdHMtYWRkcmVzcyIsInBheWxvYWQiOiIwMDAwMDAwMDAwMDAwMDAwMDAwMDAwMDAwMDAwMDAwMDAwMDAwMDAwMDAwMDAwMDAwMDAwMDAwMDAwMDAwMDA0MDAwMDAwMDAwMDAwMDAwMDAwMDAwMDAwMDAwMDAwMDAwMDAwMDAwMDAwMDAwMDAwMDAwMDAwMDAwMDAwMDA2MDAwMDAwMDAwMDAwMDAwMDAwMDAwMDAwMDAwMDAwMDAwMDAwMDAwMDAwMDAwMDAwMDAwMDAwMDAwMDAwMDAwYTAwMDAwMDAwMDAwMDAwMDAwMDAwMDAwMDAwMDAwMDAwMDAwMDAwMDAwMDAwMDAwMDAwMDAwMDAwMDAwMDAwMDEwNzM2Zjc1NzI2MzY1MmQ2OTc0NzMyZDYzNjg2MTY5NmUwMDAwMDAwMDAwMDAwMDAwMDAwMDAwMDAwMDAwMDAwMDAwMDAwMDAwMDAwMDAwMDAwMDAwMDAwMDAwMDAwMDAwMDAwMDAwMDAwMDAwMDAwMDAwMDAwMDAwMDAwMDAxODAwMDAwMDAwMDAwMDAwMDAwMDAwMDAwMDAwMDAwMDAwMDAwMDAwMDAwMDAwMDAwMDAwMDAwMDAwMDAwMDAwMDAwMDIwMjAyMDIwMjAyMDIwMjAyMDIwMjAyMDIwMjAyMDIwMjAyMDIwMjAyMDIwMjAyMDIwMjAyMDIwMjAyMDIwMjAwMDAwMDAwMDAwMDAwMDAwMDAwMDAwMDAwMDAwMDAwMDAwMDAwMDAwMDAwMDAwMDAwMDAwMDAwMDAwMDAwYzAwMDAwMDAwMDAwMDAwMDAwMDAwMDAwMDAwMDAwMDAwMDAwMDAwMDAwMDAwMDAwMDAwMDAwMDAwMDAwMDAwMTAwMDAwMDAwMDAwMDAwMDAwMDAwMDAwMDAwMDAwMDAwMDAwMDAwMDAwMDAwMDAwMDAwMDAwMDAwMDAwMDAwMDNlODAwMDAwMDAwMDAwMDAwMDAwMDAwMDAwMDAwMDAwMDAwMDAwMDAwMDAwMDAwMDAwMDAwMDAwMDAwMDAwMDAxNDAwMDAwMDAwMDAwMDAwMDAwMDAwMDAwMDAwMDAwMDAwMDAwMDAwMDAwMDAwMDAwMDAwMDAwMDAwMDAwMDAwMDAyMTIzNDAwMDAwMDAwMDAwMDAwMDAwMDAwMDAwMDAwMDAwMDAwMDAwMDAwMDAwMDAwMDAwMDAwMDAwMDAwMDAwMDAwMDAwMDAwMDAwMDAwMDAwMDAwMDAwMDAwMDAwMDAwMDAwMDAwMDAwMDAwMDAwMDAwMDAwMDAwMDAwMDAwMDI1Njc4MDAwMDAwMDAwMDAwMDAwMDAwMDAwMDAwMDAwMDAwMDAwMDAwMDAwMDAwMDAwMDAwMDAwMDAwMDAwMDAwMDAwMDAwMDAwMDAwMDAwMDAwMDAwMDAwMDAwMDAwMDAwMDAwMDAwMDAwMDAwMDAwMDAwMDAwMDAwMDAwMDAwMmFiY2QwMDAwMDAwMDAwMDAwMDAwMDAwMDAwMDAwMDAwMDAwMDAwMDAwMDAwMDAwMDAwMDAwMDAwMDAwMDAwMDAifX0=",
            "funds": []
          }
        }
      },
      "gas_limit": null,
      "reply_on": "never"
    }
  ],
  "attributes": [],
  "events": [
    {
      "type": "its_message_received",
      "attributes": [
        {
          "key": "cc_id",
          "value": "source-its-chain_message-id"
        },
        {
          "key": "destination_chain",
          "value": "dest-its-chain"
        },
        {
          "key": "message_type",
          "value": "InterchainTransfer"
        },
        {
          "key": "token_id",
          "value": "0202020202020202020202020202020202020202020202020202020202020202"
        },
        {
          "key": "source_address",
          "value": "1234"
        },
        {
          "key": "destination_address",
          "value": "5678"
        },
        {
          "key": "amount",
          "value": "1000"
        },
        {
          "key": "data",
          "value": "abcd"
        }
      ]
    }
  ],
  "data": null
}