"failed to execute ChainContractsInfo query at coordinator contract. verifier address"