failed to query service registry for verifier cosmwasm13ry74e5wkvqt99c690kfuk3xlaqhnltxr44hmps7f3j40wd2ac2q92x34s of service verifiers