[
  "0000001000000001000000010000000f00000008556e7369676e6564",
  "0000001000000001000000020000000f000000065369676e656400000000000d00000040623ba3c98cfe635fd045b802f83471f0e8ba375aba4c8b8d03192859f5d9c1b09659807675850387c808432a3d8a894bc70e5988238ec9d2f7356eda53e468b0"
]