0000001100000001000000020000000f000000097369676e61747572650000000000001000000001000000020000000f000000065369676e656400000000000d00000040ad2086a694ce4d34ad0643a5f337f6a7d71d25dd2c516b02eb8e2c43f0d5dc72770515c8619358efbd740de68b9f62ade186e356541864dae79039ee18b4530b0000000f000000067369676e657200000000001100000001000000020000000f000000067369676e657200000000000d0000002039f771f3bd457def6c426d72c0ea3be8cacaf886845cc5eee821fb51f9af08a40000000f0000000677656967687400000000000900000000000000000000000000000008