# HELP blocks_received number of blocks received.
# TYPE blocks_received counter
blocks_received_total 3
# HELP verification_votes number of verification votes on cross-chain messages.
# TYPE verification_votes counter
verification_votes_total{chain_name="avalanche",vote_decision="FailedOnChain"} 1
verification_votes_total{chain_name="avalanche",vote_decision="NotFound"} 1
verification_votes_total{chain_name="avalanche",vote_decision="SucceededOnChain"} 1
verification_votes_total{chain_name="ethereum",vote_decision="FailedOnChain"} 1
verification_votes_total{chain_name="ethereum",vote_decision="NotFound"} 1
verification_votes_total{chain_name="ethereum",vote_decision="SucceededOnChain"} 1
verification_votes_total{chain_name="polygon",vote_decision="FailedOnChain"} 1
verification_votes_total{chain_name="polygon",vote_decision="NotFound"} 1
verification_votes_total{chain_name="polygon",vote_decision="SucceededOnChain"} 1
verification_votes_total{chain_name="solana",vote_decision="FailedOnChain"} 1
verification_votes_total{chain_name="solana",vote_decision="NotFound"} 1
verification_votes_total{chain_name="solana",vote_decision="SucceededOnChain"} 1
verification_votes_total{chain_name="stellar",vote_decision="FailedOnChain"} 1
verification_votes_total{chain_name="stellar",vote_decision="NotFound"} 1
verification_votes_total{chain_name="stellar",vote_decision="SucceededOnChain"} 1
# HELP stage_processed total number of processed items per stage.
# TYPE stage_processed counter
stage_processed_total{stage="EventHandling"} 2
stage_processed_total{stage="TransactionBroadcast"} 2
stage_processed_total{stage="TransactionConfirmation"} 2
# HELP stage_failed number of failed items per stage.
# TYPE stage_failed counter
stage_failed_total{stage="EventHandling"} 1
stage_failed_total{stage="TransactionBroadcast"} 1
stage_failed_total{stage="TransactionConfirmation"} 1
# HELP stage_duration duration of processing items per stage in milliseconds.
# TYPE stage_duration counter
stage_duration_total{stage="EventHandling"} 300
stage_duration_total{stage="TransactionBroadcast"} 700
stage_duration_total{stage="TransactionConfirmation"} 1100
# HELP msg_enqueue_error number of failures in message enqueue.
# TYPE msg_enqueue_error counter
msg_enqueue_error_total 2
# HELP event_stream_timeout number of timeouts while waiting for blockchain events.
# TYPE event_stream_timeout counter
event_stream_timeout_total 2
# HELP event_publisher_error number of failures in event publisher.
# TYPE event_publisher_error counter
event_publisher_error_total 2
# HELP ampd_cpu_usage_percent CPU usage of the ampd process in percentage
# TYPE ampd_cpu_usage_percent gauge
# UNIT ampd_cpu_usage_percent percent
ampd_cpu_usage_percent 0
# HELP ampd_memory_usage_bytes Memory usage of the ampd process in bytes
# TYPE ampd_memory_usage_bytes gauge
# UNIT ampd_memory_usage_bytes bytes
ampd_memory_usage_bytes 0
# EOF
