# HELP blocks_received number of blocks received.
# TYPE blocks_received counter
blocks_received_total 0
# HELP verification_votes number of verification votes on cross-chain messages.
# TYPE verification_votes counter
# HELP ampd_transaction_broadcast number of transactions broadcast by the ampd.
# TYPE ampd_transaction_broadcast counter
# HELP ampd_transaction_broadcast_duration_seconds Duration of transaction broadcast in seconds.
# TYPE ampd_transaction_broadcast_duration_seconds histogram
# HELP ampd_transaction_confirmation_duration_seconds Duration of successful blockchain queries for transaction confirmation in seconds.
# TYPE ampd_transaction_confirmation_duration_seconds histogram
ampd_transaction_confirmation_duration_seconds_bucket{le="+Inf",status="failed_on_chain"} 1
ampd_transaction_confirmation_duration_seconds_bucket{le="+Inf",status="succeeded_on_chain"} 3
ampd_transaction_confirmation_duration_seconds_bucket{le="0.5",status="failed_on_chain"} 0
ampd_transaction_confirmation_duration_seconds_bucket{le="0.5",status="succeeded_on_chain"} 0
ampd_transaction_confirmation_duration_seconds_bucket{le="1.0",status="failed_on_chain"} 0
ampd_transaction_confirmation_duration_seconds_bucket{le="1.0",status="succeeded_on_chain"} 1
ampd_transaction_confirmation_duration_seconds_bucket{le="10.0",status="failed_on_chain"} 1
ampd_transaction_confirmation_duration_seconds_bucket{le="10.0",status="succeeded_on_chain"} 3
ampd_transaction_confirmation_duration_seconds_bucket{le="2.0",status="failed_on_chain"} 0
ampd_transaction_confirmation_duration_seconds_bucket{le="2.0",status="succeeded_on_chain"} 3
ampd_transaction_confirmation_duration_seconds_bucket{le="3.0",status="failed_on_chain"} 1
ampd_transaction_confirmation_duration_seconds_bucket{le="3.0",status="succeeded_on_chain"} 3
ampd_transaction_confirmation_duration_seconds_bucket{le="4.0",status="failed_on_chain"} 1
ampd_transaction_confirmation_duration_seconds_bucket{le="4.0",status="succeeded_on_chain"} 3
ampd_transaction_confirmation_duration_seconds_bucket{le="5.0",status="failed_on_chain"} 1
ampd_transaction_confirmation_duration_seconds_bucket{le="5.0",status="succeeded_on_chain"} 3
ampd_transaction_confirmation_duration_seconds_bucket{le="5.5",status="failed_on_chain"} 1
ampd_transaction_confirmation_duration_seconds_bucket{le="5.5",status="succeeded_on_chain"} 3
ampd_transaction_confirmation_duration_seconds_bucket{le="6.0",status="failed_on_chain"} 1
ampd_transaction_confirmation_duration_seconds_bucket{le="6.0",status="succeeded_on_chain"} 3
ampd_transaction_confirmation_duration_seconds_count{status="failed_on_chain"} 1
ampd_transaction_confirmation_duration_seconds_count{status="succeeded_on_chain"} 3
ampd_transaction_confirmation_duration_seconds_sum{status="failed_on_chain"} 3.0
ampd_transaction_confirmation_duration_seconds_sum{status="succeeded_on_chain"} 5.0
# HELP ampd_transaction_execution_results number of transaction execution results by status.
# TYPE ampd_transaction_execution_results counter
# EOF
