[
  {
    "messages": [
      {
        "id": 0,
        "msg": {
          "wasm": {
            "execute": {
              "contract_addr": "gateway",
              "msg": "eyJjYWxsX2NvbnRyYWN0Ijp7ImRlc3RpbmF0aW9uX2NoYWluIjoiZGVzdC1pdHMtY2hhaW4iLCJkZXN0aW5hdGlvbl9hZGRyZXNzIjoiZGVzdC1pdHMtY29udHJhY3QiLCJwYXlsb2FkIjoiMDAwMDAwMDAwMDAwMDAwMDAwMDAwMDAwMDAwMDAwMDAwMDAwMDAwMDAwMDAwMDAwMDAwMDAwMDAwMDAwMDAwNDAwMDAwMDAwMDAwMDAwMDAwMDAwMDAwMDAwMDAwMDAwMDAwMDAwMDAwMDAwMDAwMDAwMDAwMDAwMDAwMDAwNjAwMDAwMDAwMDAwMDAwMDAwMDAwMDAwMDAwMDAwMDAwMDAwMDAwMDAwMDAwMDAwMDAwMDAwMDAwMDAwMDAwMGEwMDAwMDAwMDAwMDAwMDAwMDAwMDAwMDAwMDAwMDAwMDAwMDAwMDAwMDAwMDAwMDAwMDAwMDAwMDAwMDAwMDAxMDczNmY3NTcyNjM2NTJkNjk3NDczMmQ2MzY4NjE2OTZlMDAwMDAwMDAwMDAwMDAwMDAwMDAwMDAwMDAwMDAwMDAwMDAwMDAwMDAwMDAwMDAwMDAwMDAwMDAwMDAwMDAwMDAwMDAwMDAwMDAwMDAwMDAwMDAwMDAwMDAwMDAwMTgwMDAwMDAwMDAwMDAwMDAwMDAwMDAwMDAwMDAwMDAwMDAwMDAwMDAwMDAwMDAwMDAwMDAwMDAwMDAwMDAwMDAwMDAxMDEwMTAxMDEwMTAxMDEwMTAxMDEwMTAxMDEwMTAxMDEwMTAxMDEwMTAxMDEwMTAxMDEwMTAxMDEwMTAxMDEwMDAwMDAwMDAwMDAwMDAwMDAwMDAwMDAwMDAwMDAwMDAwMDAwMDAwMDAwMDAwMDAwMDAwMDAwMDAwMDAwMGMwMDAwMDAwMDAwMDAwMDAwMDAwMDAwMDAwMDAwMDAwMDAwMDAwMDAwMDAwMDAwMDAwMDAwMDAwMDAwMDAwMDEwMDAwMDAwMDAwMDAwMDAwMDAwMDAwMDAwMDAwMDAwMDAwMDAwMDAwMDAwMDAwMDAwMDAwMDAwMDAwMDAwMDAwMDEwMDAwMDAwMDAwMDAwMDAwMDAwMDAwMDAwMDAwMDAwMDAwMDAwMDAwMDAwMDAwMDAwMDAwMDAwMDAwMDAwMTQwMDAwMDAwMDAwMDAwMDAwMDAwMDAwMDAwMDAwMDAwMDAwMDAwMDAwMDAwMDAwMDAwMDAwMDAwMDAwMDAwMDAyMDAxMDEwMTAxMDEwMTAxMDEwMTAxMDEwMTAxMDEwMTAxMDEwMTAxMDEwMTAxMDEwMTAxMDEwMTAxMDEwMTAxMDEwMDAwMDAwMDAwMDAwMDAwMDAwMDAwMDAwMDAwMDAwMDAwMDAwMDAwMDAwMDAwMDAwMDAwMDAwMDAwMDAwMDIwMDIwMjAyMDIwMjAyMDIwMjAyMDIwMjAyMDIwMjAyMDIwMjAyMDIwMjAyMDIwMjAyMDIwMjAyMDIwMjAyMDIwMjAwMDAwMDAwMDAwMDAwMDAwMDAwMDAwMDAwMDAwMDAwMDAwMDAwMDAwMDAwMDAwMDAwMDAwMDAwMDAwMDAwMDQwMTAyMDMwNDAwMDAwMDAwMDAwMDAwMDAwMDAwMDAwMDAwMDAwMDAwMDAwMDAwMDAwMDAwMDAwMDAwMDAwMDAwIn19",
              "funds": []
            }
          }
        },
        "gas_limit": null,
        "reply_on": "never"
      }
    ],
    "attributes": [],
    "events": [
      {
        "type": "message_received",
        "attributes": [
          {
            "key": "cc_id",
            "value": "source-its-chain_message-id"
          },
          {
            "key": "destination_chain",
            "value": "dest-its-chain"
          },
          {
            "key": "message_type",
            "value": "InterchainTransfer"
          },
          {
            "key": "token_id",
            "value": "0101010101010101010101010101010101010101010101010101010101010101"
          },
          {
            "key": "source_address",
            "value": "0101010101010101010101010101010101010101010101010101010101010101"
          },
          {
            "key": "destination_address",
            "value": "0202020202020202020202020202020202020202020202020202020202020202"
          },
          {
            "key": "amount",
            "value": "1"
          },
          {
            "key": "data",
            "value": "01020304"
          }
        ]
      }
    ],
    "data": null
  },
  {
    "messages": [
      {
        "id": 0,
        "msg": {
          "wasm": {
            "execute": {
              "contract_addr": "gateway",
              "msg": "eyJjYWxsX2NvbnRyYWN0Ijp7ImRlc3RpbmF0aW9uX2NoYWluIjoiZGVzdC1pdHMtY2hhaW4iLCJkZXN0aW5hdGlvbl9hZGRyZXNzIjoiZGVzdC1pdHMtY29udHJhY3QiLCJwYXlsb2FkIjoiMDAwMDAwMDAwMDAwMDAwMDAwMDAwMDAwMDAwMDAwMDAwMDAwMDAwMDAwMDAwMDAwMDAwMDAwMDAwMDAwMDAwNDAwMDAwMDAwMDAwMDAwMDAwMDAwMDAwMDAwMDAwMDAwMDAwMDAwMDAwMDAwMDAwMDAwMDAwMDAwMDAwMDAwNjAwMDAwMDAwMDAwMDAwMDAwMDAwMDAwMDAwMDAwMDAwMDAwMDAwMDAwMDAwMDAwMDAwMDAwMDAwMDAwMDAwMGEwMDAwMDAwMDAwMDAwMDAwMDAwMDAwMDAwMDAwMDAwMDAwMDAwMDAwMDAwMDAwMDAwMDAwMDAwMDAwMDAwMDAxMDczNmY3NTcyNjM2NTJkNjk3NDczMmQ2MzY4NjE2OTZlMDAwMDAwMDAwMDAwMDAwMDAwMDAwMDAwMDAwMDAwMDAwMDAwMDAwMDAwMDAwMDAwMDAwMDAwMDAwMDAwMDAwMDAwMDAwMDAwMDAwMDAwMDAwMDAwMDAwMDAwMDAwMTgwMDAwMDAwMDAwMDAwMDAwMDAwMDAwMDAwMDAwMDAwMDAwMDAwMDAwMDAwMDAwMDAwMDAwMDAwMDAwMDAwMDAwMTAxMDEwMTAxMDEwMTAxMDEwMTAxMDEwMTAxMDEwMTAxMDEwMTAxMDEwMTAxMDEwMTAxMDEwMTAxMDEwMTAxMDEwMDAwMDAwMDAwMDAwMDAwMDAwMDAwMDAwMDAwMDAwMDAwMDAwMDAwMDAwMDAwMDAwMDAwMDAwMDAwMDAwMGMwMDAwMDAwMDAwMDAwMDAwMDAwMDAwMDAwMDAwMDAwMDAwMDAwMDAwMDAwMDAwMDAwMDAwMDAwMDAwMDAwMDEwMDAwMDAwMDAwMDAwMDAwMDAwMDAwMDAwMDAwMDAwMDAwMDAwMDAwMDAwMDAwMDAwMDAwMDAwMDAwMDAwMDAwMTIwMDAwMDAwMDAwMDAwMDAwMDAwMDAwMDAwMDAwMDAwMDAwMDAwMDAwMDAwMDAwMDAwMDAwMDAwMDAwMDAwMTQwMDAwMDAwMDAwMDAwMDAwMDAwMDAwMDAwMDAwMDAwMDAwMDAwMDAwMDAwMDAwMDAwMDAwMDAwMDAwMDAwMDAwNDU0NjU3Mzc0MDAwMDAwMDAwMDAwMDAwMDAwMDAwMDAwMDAwMDAwMDAwMDAwMDAwMDAwMDAwMDAwMDAwMDAwMDAwMDAwMDAwMDAwMDAwMDAwMDAwMDAwMDAwMDAwMDAwMDAwMDAwMDAwMDAwMDAwMDAwMDAwMDAwMDAwMDAwMDAzNTQ1MzU0MDAwMDAwMDAwMDAwMDAwMDAwMDAwMDAwMDAwMDAwMDAwMDAwMDAwMDAwMDAwMDAwMDAwMDAwMDAwMDAwMDAwMDAwMDAwMDAwMDAwMDAwMDAwMDAwMDAwMDAwMDAwMDAwMDAwMDAwMDAwMDAwMDAwMDAwMDAwMDAwMjAwMTAxMDEwMTAxMDEwMTAxMDEwMTAxMDEwMTAxMDEwMTAxMDEwMTAxMDEwMTAxMDEwMTAxMDEwMTAxMDEwMTAxIn19",
              "funds": []
            }
          }
        },
        "gas_limit": null,
        "reply_on": "never"
      }
    ],
    "attributes": [],
    "events": [
      {
        "type": "message_received",
        "attributes": [
          {
            "key": "cc_id",
            "value": "source-its-chain_message-id"
          },
          {
            "key": "destination_chain",
            "value": "dest-its-chain"
          },
          {
            "key": "message_type",
            "value": "DeployInterchainToken"
          },
          {
            "key": "token_id",
            "value": "0101010101010101010101010101010101010101010101010101010101010101"
          },
          {
            "key": "name",
            "value": "Test"
          },
          {
            "key": "symbol",
            "value": "TST"
          },
          {
            "key": "decimals",
            "value": "18"
          },
          {
            "key": "minter",
            "value": "0101010101010101010101010101010101010101010101010101010101010101"
          }
        ]
      }
    ],
    "data": null
  },
  {
    "messages": [
      {
        "id": 0,
        "msg": {
          "wasm": {
            "execute": {
              "contract_addr": "gateway",
              "msg": "eyJjYWxsX2NvbnRyYWN0Ijp7ImRlc3RpbmF0aW9uX2NoYWluIjoiZGVzdC1pdHMtY2hhaW4iLCJkZXN0aW5hdGlvbl9hZGRyZXNzIjoiZGVzdC1pdHMtY29udHJhY3QiLCJwYXlsb2FkIjoiMDAwMDAwMDAwMDAwMDAwMDAwMDAwMDAwMDAwMDAwMDAwMDAwMDAwMDAwMDAwMDAwMDAwMDAwMDAwMDAwMDAwNDAwMDAwMDAwMDAwMDAwMDAwMDAwMDAwMDAwMDAwMDAwMDAwMDAwMDAwMDAwMDAwMDAwMDAwMDAwMDAwMDAwNjAwMDAwMDAwMDAwMDAwMDAwMDAwMDAwMDAwMDAwMDAwMDAwMDAwMDAwMDAwMDAwMDAwMDAwMDAwMDAwMDAwMGEwMDAwMDAwMDAwMDAwMDAwMDAwMDAwMDAwMDAwMDAwMDAwMDAwMDAwMDAwMDAwMDAwMDAwMDAwMDAwMDAwMDAxMDczNmY3NTcyNjM2NTJkNjk3NDczMmQ2MzY4NjE2OTZlMDAwMDAwMDAwMDAwMDAwMDAwMDAwMDAwMDAwMDAwMDAwMDAwMDAwMDAwMDAwMDAwMDAwMDAwMDAwMDAwMDAwMDAwMDAwMDAwMDAwMDAwMDAwMDAwMDAwMDAwMDAwMGMwMDAwMDAwMDAwMDAwMDAwMDAwMDAwMDAwMDAwMDAwMDAwMDAwMDAwMDAwMDAwMDAwMDAwMDAwMDAwMDAwMDAwMjAxMDEwMTAxMDEwMTAxMDEwMTAxMDEwMTAxMDEwMTAxMDEwMTAxMDEwMTAxMDEwMTAxMDEwMTAxMDEwMTAxMDEwMDAwMDAwMDAwMDAwMDAwMDAwMDAwMDAwMDAwMDAwMDAwMDAwMDAwMDAwMDAwMDAwMDAwMDAwMDAwMDAwMDA0MDAwMDAwMDAwMDAwMDAwMDAwMDAwMDAwMDAwMDAwMDAwMDAwMDAwMDAwMDAwMDAwMDAwMDAwMDAwMDAwMDA4MDAwMDAwMDAwMDAwMDAwMDAwMDAwMDAwMDAwMDAwMDAwMDAwMDAwMDAwMDAwMDAwMDAwMDAwMDAwMDAwMDAwMDQwMTAyMDMwNDAwMDAwMDAwMDAwMDAwMDAwMDAwMDAwMDAwMDAwMDAwMDAwMDAwMDAwMDAwMDAwMDAwMDAwMDAwIn19",
              "funds": []
            }
          }
        },
        "gas_limit": null,
        "reply_on": "never"
      }
    ],
    "attributes": [],
    "events": [
      {
        "type": "message_received",
        "attributes": [
          {
            "key": "cc_id",
            "value": "source-its-chain_message-id"
          },
          {
            "key": "destination_chain",
            "value": "dest-its-chain"
          },
          {
            "key": "message_type",
            "value": "DeployTokenManager"
          },
          {
            "key": "token_id",
            "value": "0101010101010101010101010101010101010101010101010101010101010101"
          },
          {
            "key": "token_manager_type",
            "value": "MintBurn"
          },
          {
            "key": "params",
            "value": "01020304"
          }
        ]
      }
    ],
    "data": null
  }
]