Abci { event_type: test_event, attributes: {"_contract_address":"axelarvaloper1zh9wrak6ke4n6fclj5e8yk397czv430ygs5jz7","key1":"value1","key2":42} }