failed to query token instance decimals. chain name: xrpl, token id: 0000000000000000000000000000000000000000000000000000000000000000