726a843298d511e025ba9709b4ceff43e9986878297da57a696bdb7bbf0eff49